 oav.EXE

 Timestamp is 5a99b99e (Fri Mar  2 21:52:46 2018)

 Preferred load address is 00400000

 Start         Length     Name                   Class
 0001:00000000 0000b496H .text                   CODE
 0002:00000000 0000154cH .rdata                  DATA
 0003:00000000 000008ecH .data                   DATA
 0003:000008ec 00000078H .idata$2                DATA
 0003:00000964 00000014H .idata$3                DATA
 0003:00000978 00000198H .idata$4                DATA
 0003:00000b10 00000198H .idata$5                DATA
 0003:00000ca8 00000664H .idata$6                DATA
 0003:0000130c 000005d8H .bss                    DATA
 0004:00000000 000021b0H .rsrc                   DATA

  Address         Publics by Value              Rva+Base     Lib:Object

 0000:00000000       __except_list              00000000     <absolute>
 0001:00000180       _HelpDlgProc@16            00401180 f   oav.OBJ
 0001:000001e0       _SelectDlgProc@16          004011e0 f   oav.OBJ
 0001:00000470       _WinMain@16                00401470 f   oav.OBJ
 0001:000005c0       _ReadString@4              004015c0 f   oav.OBJ
 0001:00000640       _LatLonStrToFloat@4        00401640 f   oav.OBJ
 0001:00000700       _LatLonFloatToStr@12       00401700 f   oav.OBJ
 0001:00000830       _SetMax@12                 00401830 f   oav.OBJ
 0001:00000910       _Dist@8                    00401910 f   oav.OBJ
 0001:00000950       _SelectAirspaces@16        00401950 f   oav.OBJ
 0001:00000ab0       _ReadOAFile@4              00401ab0 f   oav.OBJ
 0001:00001930       _SaveOAFile@4              00402930 f   oav.OBJ
 0001:00001fa0       _TextPosOut@24             00402fa0 f   oav.OBJ
 0001:00002020       _ViewAirspace@20           00403020 f   oav.OBJ
 0001:000025c0       _View@4                    004035c0 f   oav.OBJ
 0001:00002ab0       _InsertInfoItem@12         00403ab0 f   oav.OBJ
 0001:00002b20       _ShowInfo@8                00403b20 f   oav.OBJ
 0001:00002f30       _WndProc@16                00403f30 f   oav.OBJ
 0001:000035e0       _sprintf                   004045e0 f   crt:sprintf.obj
 0001:00003610       ___stof                    00404610 f   crt:_stof.obj
 0001:00003710       __sheap_realloc            00404710 f   crt:realloc.obj
 0001:00003ab0       _realloc                   00404ab0 f   crt:realloc.obj
 0001:00003bd0       _strncpy                   00404bd0 f   crt:strncpy.obj
 0001:00003c00       _strtok                    00404c00 f   crt:strtok.obj
 0001:00003c50       _strchr                    00404c50 f   crt:strchr.obj
 0001:00003d20       ___stod                    00404d20 f   crt:_stod.obj
 0001:00003e80       _truncf                    00404e80 f   crt:truncf.obj
 0001:00003ea0       _round                     00404ea0 f   crt:round.obj
 0001:00003f20       _sqrt                      00404f20 f   crt:sqrt.obj
 0001:00003f40       _sqrtf                     00404f40 f   crt:sqrt.obj
 0001:00003f60       _sqrtl                     00404f60 f   crt:sqrt.obj
 0001:00003f80       _fopen                     00404f80 f   crt:fopen.obj
 0001:00003fb0       __sheap_free               00404fb0 f   crt:free.obj
 0001:00004330       _free                      00405330 f   crt:free.obj
 0001:00004570       __sheap_alloc              00405570 f   crt:malloc.obj
 0001:00004880       _malloc                    00405880 f   crt:malloc.obj
 0001:000048c0       _strrchr                   004058c0 f   crt:strrchr.obj
 0001:000048e0       _fgets                     004058e0 f   crt:fgets.obj
 0001:00004a10       ___sin                     00405a10 f   crt:_sin.obj
 0001:00004c10       _feof                      00405c10 f   crt:feof.obj
 0001:00004c50       ___init_closeall           00405c50 f   crt:fclose.obj
 0001:00004c70       _fclose                    00405c70 f   crt:fclose.obj
 0001:00004e40       _fputs                     00405e40 f   crt:fputs.obj
 0001:00004e70       _strncmp                   00405e70 f   crt:strncmp.obj
 0001:00004eb0       ___ftoll                   00405eb0 f   crt:_ftoll.obj
 0001:00004ee0       _strcat                    00405ee0 f   crt:strcat.obj
 0001:00004f10       _WinMainCRTStartup         00405f10 f   crt:_wincrt0.obj
 0001:00005030       ___printf                  00406030 f   crt:_printf.obj
 0001:000052a0       ___stopfx                  004062a0 f   crt:_stopfx.obj
 0001:000053e0       ___stoflt                  004063e0 f   crt:_stoflt.obj
 0001:00005630       ___fppow10f                00406630 f   crt:_fppow10f.obj
 0001:000057a0       ___stoxflt                 004067a0 f   crt:_stoxflt.obj
 0001:000059e0       ___fpscalef                004069e0 f   crt:_fpscalef.obj
 0001:00005b50       ___bheapinit               00406b50 f   crt:_bigheap.obj
 0001:00005b70       ___bheapterm               00406b70 f   crt:_bigheap.obj
 0001:00005b90       __bheap_aligned_alloc      00406b90 f   crt:_bigheap.obj
 0001:00005bf0       __bheap_aligned_realloc    00406bf0 f   crt:_bigheap.obj
 0001:00005cd0       __bheap_alloc              00406cd0 f   crt:_bigheap.obj
 0001:00005ce0       __bheap_realloc            00406ce0 f   crt:_bigheap.obj
 0001:00005d00       __bheap_free               00406d00 f   crt:_bigheap.obj
 0001:00005d20       __bheap_size               00406d20 f   crt:_bigheap.obj
 0001:00005d50       __bheap_validate           00406d50 f   crt:_bigheap.obj
 0001:00005d80       __sheap_size               00406d80 f   crt:msize.obj
 0001:00005db0       __msize                    00406db0 f   crt:msize.obj
 0001:00005df0       _strspn                    00406df0 f   crt:strspn.obj
 0001:00005e70       _strcspn                   00406e70 f   crt:strcspn.obj
 0001:00005f30       ___fppow10                 00406f30 f   crt:_fppow10.obj
 0001:000060b0       ___fpscale                 004070b0 f   crt:_fpscale.obj
 0001:00006280       ___fpintf                  00407280 f   crt:_fpintf.obj
 0001:00006360       ___fptest                  00407360 f   crt:_fptest.obj
 0001:000063c0       ___rint                    004073c0 f   crt:_rint.obj
 0001:000064b0       __matherr                  004074b0 f   crt:_matherr.obj
 0001:000064c0       ___feraise                 004074c0 f   crt:_feraise.obj
 0001:00006500       ___fslot                   00407500 f   crt:_fslot.obj
 0001:00006590       ___fopen                   00407590 f   crt:_fopen.obj
 0001:000066d0       ___getmem                  004076d0 f   crt:_getmem.obj
 0001:00006770       ___fread                   00407770 f   crt:_fread.obj
 0001:000068a0       _memchr                    004078a0 f   crt:memchr.obj
 0001:00006960       _fmod                      00407960 f   crt:fmod.obj
 0001:00006ad0       __Atexit                   00407ad0 f   crt:_atexit.obj
 0001:00006b00       ___fflush                  00407b00 f   crt:_fflush.obj
 0001:00006bd0       __close                    00407bd0 f   crt:close.obj
 0001:00006c90       _remove                    00407c90 f   crt:remove.obj
 0001:00006ca0       ___fwrite                  00407ca0 f   crt:_fwrite.obj
 0001:00006d90       ___buf_stream              00407d90 f   crt:_stbuf.obj
 0001:00006e00       ___unbuf_stream            00407e00 f   crt:_stbuf.obj
 0001:00006e58       __except_handler3          00407e58 f   crt:seh2.obj
 0001:00006f30       __seh_longjmp_unwind@4     00407f30 f   crt:seh2.obj
 0001:00006f50       __global_unwind2           00407f50 f   crt:seh1.obj
 0001:00006f70       __unwind_handler           00407f70 f   crt:seh1.obj
 0001:00006fa0       __local_unwind2            00407fa0 f   crt:seh1.obj
 0001:00006fff       __NLG_Return2              00407fff     crt:seh1.obj
 0001:00007010       __abnormal_termination     00408010 f   crt:seh1.obj
 0001:00007040       __NLG_Notify1              00408040     crt:seh1.obj
 0001:00007049       __NLG_Notify               00408049     crt:seh1.obj
 0001:0000705d       __NLG_Dispatch             0040805d     crt:seh1.obj
 0001:00007070       ___features                00408070 f   crt:features.obj
 0001:00007130       ___clockinit               00408130 f   crt:clock.obj
 0001:00007140       _clock                     00408140 f   crt:clock.obj
 0001:00007180       ___ioinit                  00408180 f   crt:_ioinit.obj
 0001:000073c0       ___ioterm                  004083c0 f   crt:_ioinit.obj
 0001:00007590       ___setargv                 00408590 f   crt:_setargv.obj
 0001:00007630       ___setenvp                 00408630 f   crt:_setenvp.obj
 0001:000076f0       ___crt_abort               004086f0 f   crt:_crtabort.obj
 0001:000077d0       ___wincmdln                004087d0 f   crt:_wincmdln.obj
 0001:00007810       _exit                      00408810 f   crt:exit.obj
 0001:00007870       ___xcptfilter              00408870 f   crt:_xcptfilter.obj
 0001:000078e0       ___mbtowc                  004088e0 f   crt:_mbtowc.obj
 0001:00007bb0       ___putfield                00408bb0 f   crt:_putfield.obj
 0001:000081d0       ___puttxt                  004091d0 f   crt:_puttxt.obj
 0001:000083d0       _localeconv                004093d0 f   crt:localeconv.obj
 0001:000083e0       ___fpunscalef              004093e0 f   crt:_fpunscalef.obj
 0001:00008470       ___fpnormf                 00409470 f   crt:_fpnormf.obj
 0001:00008530       _memcpy                    00409530 f   crt:memcpy.obj
 0001:00008720       ___fpunscale               00409720 f   crt:_fpunscale.obj
 0001:000087c0       ___fpnorm                  004097c0 f   crt:_fpnorm.obj
 0001:000088e0       ___fpint                   004098e0 f   crt:_fpint.obj
 0001:00008a20       _feraiseexcept             00409a20 f   crt:feraiseexcept.obj
 0001:00008ab0       ____fopen                  00409ab0 f   crt:__fopen.obj
 0001:00008b80       __read                     00409b80 f   crt:read.obj
 0001:00008e30       _abort                     00409e30 f   crt:abort.obj
 0001:00008e50       __write                    00409e50 f   crt:write.obj
 0001:000090f0       ___new_osfhnd              0040a0f0 f   crt:_osfinfo.obj
 0001:000091a0       ___free_osfhnd             0040a1a0 f   crt:_osfinfo.obj
 0001:00009230       ___set_osfhnd              0040a230 f   crt:_osfinfo.obj
 0001:000092b0       ___get_osfhnd              0040a2b0 f   crt:_osfinfo.obj
 0001:000092d0       __get_osfhandle            0040a2d0 f   crt:_osfinfo.obj
 0001:00009310       __open_osfhandle           0040a310 f   crt:_osfinfo.obj
 0001:000093c0       ___maposerr                0040a3c0 f   crt:_maperr.obj
 0001:00009530       __unlink                   0040a530 f   crt:unlink.obj
 0001:00009560       __isatty                   0040a560 f   crt:isatty.obj
 0001:00009590       ___set_default_crt_heap_size 0040a590 f   crt:_dflheap.obj
 0001:000095a0       ___ulldiv                  0040a5a0 f   crt:_ulldiv.obj
 0001:00009610       __Exit                     0040a610 f   crt:_exit.obj
 0001:00009660       _signal                    0040a660 f   crt:signal.obj
 0001:000096c0       ____mbtowc                 0040a6c0 f   crt:__mbtowc.obj
 0001:00009720       ___putstr                  0040a720 f   crt:_putstr.obj
 0001:000098c0       ___litob                   0040a8c0 f   crt:_litob.obj
 0001:00009aa0       ___fptestl                 0040aaa0 f   crt:_fptestl.obj
 0001:00009ab0       ___ldtob                   0040aab0 f   crt:_ldtob.obj
 0001:00009ff0       _ignore_handler_s          0040aff0 f   crt:constraint_handler_s.obj
 0001:0000a000       _set_constraint_handler_s  0040b000 f   crt:constraint_handler_s.obj
 0001:0000a020       __crt_constraint           0040b020 f   crt:constraint_handler_s.obj
 0001:0000a040       __open                     0040b040 f   crt:open.obj
 0001:0000a060       __sopen                    0040b060 f   crt:open.obj
 0001:0000a3f0       __lseek                    0040b3f0 f   crt:lseek.obj
 0001:0000a480       ___cp_to_cp                0040b480 f   crt:_cp2cp.obj
 0001:0000a530       _raise                     0040b530 f   crt:raise.obj
 0001:0000a630       ___wctomb                  0040b630 f   crt:_wctomb.obj
 0001:0000a870       ___ullmod                  0040b870 f   crt:_ullmod.obj
 0001:0000a8f0       ___lldiv                   0040b8f0 f   crt:_lldiv.obj
 0001:0000a9a0       ___llmul                   0040b9a0 f   crt:_llmul.obj
 0001:0000a9e0       ___fpunscalel              0040b9e0 f   crt:_fpunscalel.obj
 0001:0000aa00       ___fpscalel                0040ba00 f   crt:_fpscalel.obj
 0001:0000aa20       ___genld                   0040ba20 f   crt:_genld.obj
 0001:0000ae20       _ldiv                      0040be20 f   crt:ldiv.obj
 0001:0000ae50       ___strerror                0040be50 f   crt:_strerror.obj
 0001:0000b0a0       __chsize                   0040c0a0 f   crt:chsize.obj
 0001:0000b200       ___chkstk                  0040c200 f   crt:_chkstk.obj
 0001:0000b230       ____wctomb                 0040c230 f   crt:__wctomb.obj
 0001:0000b290       _div                       0040c290 f   crt:div.obj
 0001:0000b2c0       _calloc                    0040c2c0 f   crt:calloc.obj
 0001:0000b300       __setmode                  0040c300 f   crt:setmode.obj
 0001:0000b3a0       _memset                    0040c3a0 f   crt:memset.obj
 0001:0000b490       _RtlUnwind@16              0040c490     kernel32:KERNEL32.dll
 0002:000003bc       ___malloc_binmax           0040d3bc     crt:malloc.obj
 0002:000004a0       ___inff                    0040d4a0     crt:_fvalues.obj
 0002:000004a8       ___nanf                    0040d4a8     crt:_fvalues.obj
 0002:000004b0       ___epsf                    0040d4b0     crt:_fvalues.obj
 0002:000004b8       ___rtepsf                  0040d4b8     crt:_fvalues.obj
 0002:000004c0       ___xbigf                   0040d4c0     crt:_fvalues.obj
 0002:000004c4       ___zerof                   0040d4c4     crt:_fvalues.obj
 0002:00000538       ___inf                     0040d538     crt:_values.obj
 0002:00000540       ___nan                     0040d540     crt:_values.obj
 0002:00000548       ___eps                     0040d548     crt:_values.obj
 0002:00000550       ___rteps                   0040d550     crt:_values.obj
 0002:00000558       ___xbig                    0040d558     crt:_values.obj
 0002:00000560       ___zero                    0040d560     crt:_values.obj
 0002:0000154c       ___xi_a                    0040e54c     crt:_initex.obj
 0002:0000154c       ___xi_z                    0040e54c     crt:_initex.obj
 0002:0000154c       ___xt_a                    0040e54c     crt:_initex.obj
 0002:0000154c       ___xt_z                    0040e54c     crt:_initex.obj
 0003:00000000       _dwContZ                   0040f000     oav.OBJ
 0003:00000004       _fLatSelCenter             0040f004     oav.OBJ
 0003:00000008       _fLonSelCenter             0040f008     oav.OBJ
 0003:0000000c       _fSelSize                  0040f00c     oav.OBJ
 0003:00000010       _bSelType                  0040f010     oav.OBJ
 0003:00000014       _sCont                     0040f014     oav.OBJ
 0003:00000018       _sAirspaces                0040f018     oav.OBJ
 0003:0000001c       _sPoints                   0040f01c     oav.OBJ
 0003:00000020       _sCircles                  0040f020     oav.OBJ
 0003:00000024       _pStrings                  0040f024     oav.OBJ
 0003:0000003c       ___malloc_rovers           0040f03c     crt:malloc.obj
 0003:00000060       ___malloc_hiword           0040f060     crt:malloc.obj
 0003:00000064       ___malloc_loword           0040f064     crt:malloc.obj
 0003:00000068       ___malloc_mem              0040f068     crt:malloc.obj
 0003:0000006c       ___malloc_firstbin         0040f06c     crt:malloc.obj
 0003:00000070       ___malloc_lastbin          0040f070     crt:malloc.obj
 0003:00000078       _errno                     0040f078     crt:errno.obj
 0003:0000007c       ___argc                    0040f07c     crt:_crt0dat.obj
 0003:00000080       ___argv                    0040f080     crt:_crt0dat.obj
 0003:00000084       ___wargv                   0040f084     crt:_crt0dat.obj
 0003:00000088       ___envp                    0040f088     crt:_crt0dat.obj
 0003:0000008c       ___wenvp                   0040f08c     crt:_crt0dat.obj
 0003:00000090       ___crtheap                 0040f090     crt:_crt0dat.obj
 0003:00000094       ___crtheapsize             0040f094     crt:_crt0dat.obj
 0003:00000098       ___bheap_threshold         0040f098     crt:_crt0dat.obj
 0003:0000009c       ___sigtab                  0040f09c     crt:_crt0dat.obj
 0003:0000014c       ___stdin                   0040f14c     crt:_files.obj
 0003:0000019c       ___stdout                  0040f19c     crt:_files.obj
 0003:000001ec       ___stderr                  0040f1ec     crt:_files.obj
 0003:0000023c       ___filetab                 0040f23c     crt:_files.obj
 0003:0000063c       __NLG_Destination          0040f63c     crt:seh1.obj
 0003:0000064c       ___feature_mask            0040f64c     crt:features.obj
 0003:00000654       __Atfuns                   0040f654     crt:exit.obj
 0003:00000794       __Atcount                  0040f794     crt:exit.obj
 0003:00000798       __Atcount0                 0040f798     crt:exit.obj
 0003:0000079c       ___ctypetab                0040f79c     crt:_ctypetab.obj
 0003:000007a0       ___locale                  0040f7a0     crt:localeconv.obj
 0003:000007dc       ___mbcurmax                0040f7dc     crt:_state.obj
 0003:000007e0       ___collatetab              0040f7e0     crt:_state.obj
 0003:00000820       ___wcollatetab             0040f820     crt:_state.obj
 0003:00000860       ___mbtowctab               0040f860     crt:_state.obj
 0003:000008a0       ___wctombtab               0040f8a0     crt:_state.obj
 0003:000008e0       ___charcp                  0040f8e0     crt:_state.obj
 0003:000008e4       ___lcid                    0040f8e4     crt:_state.obj
 0003:000008ec       __IMPORT_DESCRIPTOR_KERNEL32 0040f8ec     kernel32:KERNEL32.dll
 0003:00000900       __IMPORT_DESCRIPTOR_USER32 0040f900     user32:USER32.dll
 0003:00000914       __IMPORT_DESCRIPTOR_GDI32  0040f914     gdi32:GDI32.dll
 0003:00000928       __IMPORT_DESCRIPTOR_COMCTL32 0040f928     comctl32:COMCTL32.dll
 0003:0000093c       __IMPORT_DESCRIPTOR_COMDLG32 0040f93c     comdlg32:COMDLG32.dll
 0003:00000950       __IMPORT_DESCRIPTOR_SHELL32 0040f950     shell32:SHELL32.dll
 0003:00000964       __NULL_IMPORT_DESCRIPTOR   0040f964     kernel32:KERNEL32.dll
 0003:00000b10       __imp__FindResourceA@12    0040fb10     kernel32:KERNEL32.dll
 0003:00000b14       __imp__LoadResource@8      0040fb14     kernel32:KERNEL32.dll
 0003:00000b18       __imp__SizeofResource@8    0040fb18     kernel32:KERNEL32.dll
 0003:00000b1c       __imp__LockResource@4      0040fb1c     kernel32:KERNEL32.dll
 0003:00000b20       __imp__FreeResource@4      0040fb20     kernel32:KERNEL32.dll
 0003:00000b24       __imp__LoadLibraryA@4      0040fb24     kernel32:KERNEL32.dll
 0003:00000b28       __imp__GetStartupInfoA@4   0040fb28     kernel32:KERNEL32.dll
 0003:00000b2c       __imp__GetModuleHandleA@4  0040fb2c     kernel32:KERNEL32.dll
 0003:00000b30       __imp__HeapCreate@12       0040fb30     kernel32:KERNEL32.dll
 0003:00000b34       __imp__HeapDestroy@4       0040fb34     kernel32:KERNEL32.dll
 0003:00000b38       __imp__HeapAlloc@12        0040fb38     kernel32:KERNEL32.dll
 0003:00000b3c       __imp__HeapReAlloc@16      0040fb3c     kernel32:KERNEL32.dll
 0003:00000b40       __imp__HeapFree@12         0040fb40     kernel32:KERNEL32.dll
 0003:00000b44       __imp__HeapSize@12         0040fb44     kernel32:KERNEL32.dll
 0003:00000b48       __imp__HeapValidate@12     0040fb48     kernel32:KERNEL32.dll
 0003:00000b4c       __imp__VirtualAlloc@16     0040fb4c     kernel32:KERNEL32.dll
 0003:00000b50       __imp__VirtualQuery@12     0040fb50     kernel32:KERNEL32.dll
 0003:00000b54       __imp__CloseHandle@4       0040fb54     kernel32:KERNEL32.dll
 0003:00000b58       __imp__GetLastError@0      0040fb58     kernel32:KERNEL32.dll
 0003:00000b5c       __imp__RtlUnwind@16        0040fb5c     kernel32:KERNEL32.dll
 0003:00000b60       __imp__GetSystemTimeAsFileTime@4 0040fb60     kernel32:KERNEL32.dll
 0003:00000b64       __imp__GetFileType@4       0040fb64     kernel32:KERNEL32.dll
 0003:00000b68       __imp__GetStdHandle@4      0040fb68     kernel32:KERNEL32.dll
 0003:00000b6c       __imp__GetCurrentProcess@0 0040fb6c     kernel32:KERNEL32.dll
 0003:00000b70       __imp__DuplicateHandle@28  0040fb70     kernel32:KERNEL32.dll
 0003:00000b74       __imp__SetHandleCount@4    0040fb74     kernel32:KERNEL32.dll
 0003:00000b78       __imp__GetCommandLineA@0   0040fb78     kernel32:KERNEL32.dll
 0003:00000b7c       __imp__GetModuleFileNameA@12 0040fb7c     kernel32:KERNEL32.dll
 0003:00000b80       __imp__GetEnvironmentStrings@0 0040fb80     kernel32:KERNEL32.dll
 0003:00000b84       __imp__FreeEnvironmentStringsA@4 0040fb84     kernel32:KERNEL32.dll
 0003:00000b88       __imp__OutputDebugStringA@4 0040fb88     kernel32:KERNEL32.dll
 0003:00000b8c       __imp__UnhandledExceptionFilter@4 0040fb8c     kernel32:KERNEL32.dll
 0003:00000b90       __imp__ReadFile@20         0040fb90     kernel32:KERNEL32.dll
 0003:00000b94       __imp__GetConsoleMode@8    0040fb94     kernel32:KERNEL32.dll
 0003:00000b98       __imp__GetConsoleCP@0      0040fb98     kernel32:KERNEL32.dll
 0003:00000b9c       __imp__GetConsoleOutputCP@0 0040fb9c     kernel32:KERNEL32.dll
 0003:00000ba0       __imp__WriteFile@20        0040fba0     kernel32:KERNEL32.dll
 0003:00000ba4       __imp__SetStdHandle@8      0040fba4     kernel32:KERNEL32.dll
 0003:00000ba8       __imp__DeleteFileA@4       0040fba8     kernel32:KERNEL32.dll
 0003:00000bac       __imp__ExitProcess@4       0040fbac     kernel32:KERNEL32.dll
 0003:00000bb0       __imp__SetConsoleCtrlHandler@8 0040fbb0     kernel32:KERNEL32.dll
 0003:00000bb4       __imp__MultiByteToWideChar@24 0040fbb4     kernel32:KERNEL32.dll
 0003:00000bb8       __imp__CreateFileA@28      0040fbb8     kernel32:KERNEL32.dll
 0003:00000bbc       __imp__SetFilePointer@16   0040fbbc     kernel32:KERNEL32.dll
 0003:00000bc0       __imp__WideCharToMultiByte@32 0040fbc0     kernel32:KERNEL32.dll
 0003:00000bc4       __imp__SetEndOfFile@4      0040fbc4     kernel32:KERNEL32.dll
 0003:00000bc8       KERNEL32_NULL_THUNK_DATA  0040fbc8     kernel32:KERNEL32.dll
 0003:00000bcc       __imp__SendMessageA@16     0040fbcc     user32:USER32.dll
 0003:00000bd0       __imp__GetDlgItem@8        0040fbd0     user32:USER32.dll
 0003:00000bd4       __imp__EndDialog@8         0040fbd4     user32:USER32.dll
 0003:00000bd8       __imp__SetWindowTextA@8    0040fbd8     user32:USER32.dll
 0003:00000bdc       __imp__CheckRadioButton@16 0040fbdc     user32:USER32.dll
 0003:00000be0       __imp__GetWindowTextA@12   0040fbe0     user32:USER32.dll
 0003:00000be4       __imp__IsDlgButtonChecked@8 0040fbe4     user32:USER32.dll
 0003:00000be8       __imp__LoadIconA@8         0040fbe8     user32:USER32.dll
 0003:00000bec       __imp__RegisterClassA@4    0040fbec     user32:USER32.dll
 0003:00000bf0       __imp__CreateWindowExA@48  0040fbf0     user32:USER32.dll
 0003:00000bf4       __imp__ShowWindow@8        0040fbf4     user32:USER32.dll
 0003:00000bf8       __imp__UpdateWindow@4      0040fbf8     user32:USER32.dll
 0003:00000bfc       __imp__TranslateMessage@4  0040fbfc     user32:USER32.dll
 0003:00000c00       __imp__DispatchMessageA@4  0040fc00     user32:USER32.dll
 0003:00000c04       __imp__GetMessageA@16      0040fc04     user32:USER32.dll
 0003:00000c08       __imp__MessageBoxA@16      0040fc08     user32:USER32.dll
 0003:00000c0c       __imp__SendDlgItemMessageA@20 0040fc0c     user32:USER32.dll
 0003:00000c10       __imp__SetFocus@4          0040fc10     user32:USER32.dll
 0003:00000c14       __imp__BeginPaint@8        0040fc14     user32:USER32.dll
 0003:00000c18       __imp__EndPaint@8          0040fc18     user32:USER32.dll
 0003:00000c1c       __imp__DialogBoxParamA@20  0040fc1c     user32:USER32.dll
 0003:00000c20       __imp__InvalidateRect@12   0040fc20     user32:USER32.dll
 0003:00000c24       __imp__PostMessageA@16     0040fc24     user32:USER32.dll
 0003:00000c28       __imp__MoveWindow@24       0040fc28     user32:USER32.dll
 0003:00000c2c       __imp__GetClientRect@8     0040fc2c     user32:USER32.dll
 0003:00000c30       __imp__PostQuitMessage@4   0040fc30     user32:USER32.dll
 0003:00000c34       __imp__DefWindowProcA@16   0040fc34     user32:USER32.dll
 0003:00000c38       USER32_NULL_THUNK_DATA    0040fc38     user32:USER32.dll
 0003:00000c3c       __imp__SetTextAlign@8      0040fc3c     gdi32:GDI32.dll
 0003:00000c40       __imp__TextOutA@20         0040fc40     gdi32:GDI32.dll
 0003:00000c44       __imp__CreatePen@12        0040fc44     gdi32:GDI32.dll
 0003:00000c48       __imp__SelectObject@8      0040fc48     gdi32:GDI32.dll
 0003:00000c4c       __imp__MoveToEx@16         0040fc4c     gdi32:GDI32.dll
 0003:00000c50       __imp__LineTo@12           0040fc50     gdi32:GDI32.dll
 0003:00000c54       __imp__SetTextColor@8      0040fc54     gdi32:GDI32.dll
 0003:00000c58       __imp__SetArcDirection@8   0040fc58     gdi32:GDI32.dll
 0003:00000c5c       __imp__ArcTo@36            0040fc5c     gdi32:GDI32.dll
 0003:00000c60       __imp__Ellipse@20          0040fc60     gdi32:GDI32.dll
 0003:00000c64       __imp__DeleteObject@4      0040fc64     gdi32:GDI32.dll
 0003:00000c68       __imp__GetStockObject@4    0040fc68     gdi32:GDI32.dll
 0003:00000c6c       __imp__Rectangle@20        0040fc6c     gdi32:GDI32.dll
 0003:00000c70       __imp__SetROP2@8           0040fc70     gdi32:GDI32.dll
 0003:00000c74       __imp__SetBkMode@8         0040fc74     gdi32:GDI32.dll
 0003:00000c78       GDI32_NULL_THUNK_DATA     0040fc78     gdi32:GDI32.dll
 0003:00000c7c       __imp__InitCommonControls@0 0040fc7c     comctl32:COMCTL32.dll
 0003:00000c80       __imp__ImageList_LoadImageA@28 0040fc80     comctl32:COMCTL32.dll
 0003:00000c84       __imp__CreateStatusWindowA@16 0040fc84     comctl32:COMCTL32.dll
 0003:00000c88       COMCTL32_NULL_THUNK_DATA  0040fc88     comctl32:COMCTL32.dll
 0003:00000c8c       __imp__GetOpenFileNameA@4  0040fc8c     comdlg32:COMDLG32.dll
 0003:00000c90       __imp__GetSaveFileNameA@4  0040fc90     comdlg32:COMDLG32.dll
 0003:00000c94       COMDLG32_NULL_THUNK_DATA  0040fc94     comdlg32:COMDLG32.dll
 0003:00000c98       __imp__DragQueryFileA@16   0040fc98     shell32:SHELL32.dll
 0003:00000c9c       __imp__DragFinish@4        0040fc9c     shell32:SHELL32.dll
 0003:00000ca0       __imp__DragAcceptFiles@8   0040fca0     shell32:SHELL32.dll
 0003:00000ca4       SHELL32_NULL_THUNK_DATA   0040fca4     shell32:SHELL32.dll
 0003:0000177c       _sRectView                 0041077c     <common>
 0003:0000178c       _fDivLon                   0041078c     <common>
 0003:00001790       _fDivLat                   00410790     <common>
 0003:00001794       _nMidY                     00410794     <common>
 0003:00001798       _nMidX                     00410798     <common>
 0003:0000179c       _fMidLon                   0041079c     <common>
 0003:000017a0       _fMidLat                   004107a0     <common>
 0003:000017a4       _fLonMax                   004107a4     <common>
 0003:000017a8       _fLonMin                   004107a8     <common>
 0003:000017ac       _fLatMax                   004107ac     <common>
 0003:000017b0       _fLatMin                   004107b0     <common>
 0003:000017b4       _dwStringsIdx              004107b4     <common>
 0003:000017b8       _dwCircleZ                 004107b8     <common>
 0003:000017bc       _dwPointZ                  004107bc     <common>
 0003:000017c0       _dwAirspaceZ               004107c0     <common>
 0003:000017c4       _dwTreeViewSel             004107c4     <common>
 0003:000017c8       _hWndSB                    004107c8     <common>
 0003:000017cc       _hWndLV                    004107cc     <common>
 0003:000017d0       _hWndTV                    004107d0     <common>
 0003:000017d4       _hApp                      004107d4     <common>
 0003:000017d8       _ghInstance                004107d8     <common>
 0003:000017dc       __fltused                  004107dc     <common>
 0003:000017e0       ___iolim                   004107e0     <common>
 0003:000017e4       ___iotab                   004107e4     <common>

 entry point at        0001:00004f10

 Static symbols

 0001:00000000       _EditStreamCallback@16     00401000 f   oav.OBJ
 0001:00000130       _LoadRtfResource@8         00401130 f   oav.OBJ
 0001:000035c0       _prout                     004045c0 f   crt:sprintf.obj
 0001:00004360       _grabhunk                  00405360 f   crt:malloc.obj
 0001:00004c20       _closeall                  00405c20 f   crt:fclose.obj
 0001:00004d70       ___my_fputs                00405d70 f   crt:fputs.obj
 0001:000055f0       _dmul                      004065f0 f   crt:_fppow10f.obj
 0001:00005ef0       _dmul                      00406ef0 f   crt:_fppow10.obj
 0001:000073f0       _parse_cmdline             004083f0 f   crt:_setargv.obj
 0001:00009620       _ctrlevent_capture@4       0040a620 f   crt:signal.obj
